// Jest Snapshot v1, https://goo.gl/fbAQLP

exports[`<Button /> Button renders correctly 1`] = `
initialize {
  "0": Object {
    "attribs": Object {
      "class": "component-button orange wide",
    },
    "children": Array [
      Object {
        "attribs": Object {},
        "children": Array [
          Object {
            "data": "AC",
            "next": null,
            "parent": [Circular],
            "prev": null,
            "type": "text",
          },
        ],
        "name": "button",
        "namespace": "http://www.w3.org/1999/xhtml",
        "next": null,
        "parent": [Circular],
        "prev": null,
        "type": "tag",
        "x-attribsNamespace": Object {},
        "x-attribsPrefix": Object {},
      },
    ],
    "name": "div",
    "namespace": "http://www.w3.org/1999/xhtml",
    "next": null,
    "parent": null,
    "prev": null,
    "root": Object {
      "attribs": Object {},
      "children": Array [
        [Circular],
      ],
      "name": "root",
      "namespace": "http://www.w3.org/1999/xhtml",
      "next": null,
      "parent": null,
      "prev": null,
      "type": "root",
      "x-attribsNamespace": Object {},
      "x-attribsPrefix": Object {},
    },
    "type": "tag",
    "x-attribsNamespace": Object {
      "class": undefined,
    },
    "x-attribsPrefix": Object {
      "class": undefined,
    },
  },
  "_root": [Circular],
  "length": 1,
  "options": Object {
    "decodeEntities": true,
    "normalizeWhitespace": false,
    "withDomLvl1": true,
    "xml": false,
  },
}
`;

exports[`<Button /> Should return correct button name  1`] = `
ShallowWrapper {
  "length": 1,
  Symbol(enzyme.__root__): [Circular],
  Symbol(enzyme.__unrendered__): <Button
    clickHandler={[Function]}
    name="AC"
    orange={true}
    wide={true}
/>,
  Symbol(enzyme.__renderer__): Object {
    "batchedUpdates": [Function],
    "getNode": [Function],
    "render": [Function],
    "simulateEvent": [Function],
    "unmount": [Function],
  },
  Symbol(enzyme.__node__): Object {
    "instance": null,
    "key": undefined,
    "nodeType": "host",
    "props": Object {
      "children": <button
        onClick={[Function]}
>
        AC
</button>,
      "className": "component-button orange wide",
    },
    "ref": null,
    "rendered": Object {
      "instance": null,
      "key": undefined,
      "nodeType": "host",
      "props": Object {
        "children": "AC",
        "onClick": [Function],
      },
      "ref": null,
      "rendered": "AC",
      "type": "button",
    },
    "type": "div",
  },
  Symbol(enzyme.__nodes__): Array [
    Object {
      "instance": null,
      "key": undefined,
      "nodeType": "host",
      "props": Object {
        "children": <button
          onClick={[Function]}
>
          AC
</button>,
        "className": "component-button orange wide",
      },
      "ref": null,
      "rendered": Object {
        "instance": null,
        "key": undefined,
        "nodeType": "host",
        "props": Object {
          "children": "AC",
          "onClick": [Function],
        },
        "ref": null,
        "rendered": "AC",
        "type": "button",
      },
      "type": "div",
    },
  ],
  Symbol(enzyme.__options__): Object {
    "adapter": ReactSixteenAdapter {
      "options": Object {
        "enableComponentDidUpdateOnSetState": true,
      },
    },
  },
}
`;
